[0;32mI (130) esp_image: segment 1: paddr=0003ac40 vaddr=40800000 size=053d8h ( 21464) load[0m
ï¿½ESP-ROM:esp32c6-20220919
Build:Sep 19 2022
rst:0x1 (POWERON),boot:0xc (SPI_FAST_FLASH_BOOT)
SPIWP:0xee
mode:DIO, clock div:2
load:0x40875720,len:0x1804
load:0x4086c110,len:0xe2c
load:0x4086e610,len:0x2e48
entry 0x4086c11a
[0;32mI (23) boot: ESP-IDF v5.4-dev-826-g8760e6d2a7-dirty 2nd stage bootloader[0m
[0;32mI (24) boot: compile time Jul  3 2024 18:17:11[0m
[0;32mI (25) boot: chip revision: v0.0[0m
[0;32mI (28) boot.esp32c6: SPI Speed      : 80MHz[0m
[0;32mI (33) boot.esp32c6: SPI Mode       : DIO[0m
[0;32mI (38) boot.esp32c6: SPI Flash Size : 2MB[0m
[0;32mI (43) boot: Enabling RNG early entropy source...[0m
[0;32mI (48) boot: Partition Table:[0m
[0;32mI (52) boot: ## Label            Usage          Type ST Offset   Length[0m
[0;32mI (59) boot:  0 nvs              WiFi data        01 02 00009000 00006000[0m
[0;32mI (66) boot:  1 phy_init         RF data          01 01 0000f000 00001000[0m
[0;32mI (74) boot:  2 factory          factory app      00 00 00010000 00100000[0m
[0;32mI (81) boot: End of partition table[0m
[0;32mI (86) esp_image: segment 0: paddr=00010020 vaddr=420b0020 size=2ac18h (175128) map[0m
[0;32mI (130) esp_image: segment 1: paddr=0003ac40 vaddr=40800000 size=053d8h ( 21464) load[0m
[0;32mI (136) esp_image: segment 2: paddr=00040020 vaddr=42000020 size=ad980h (711040) map[0m
[0;32mI (283) esp_image: segment 3: paddr=000ed9a8 vaddr=408053d8 size=0da40h ( 55872) load[0m
[0;32mI (297) esp_image: segment 4: paddr=000fb3f0 vaddr=40812e20 size=02714h ( 10004) load[0m
[0;32mI (305) boot: Loaded app from partition at offset 0x10000[0m
[0;32mI (305) boot: Disabling RNG early entropy source...[0m
[0;32mI (318) cpu_start: Unicore app[0m
[0;32mI (327) cpu_start: Pro cpu start user code[0m
[0;32mI (327) cpu_start: cpu freq: 160000000 Hz[0m
[0;32mI (327) app_init: Application information:[0m
[0;32mI (330) app_init: Project name:     spp_client_demo[0m
[0;32mI (335) app_init: App version:      1[0m
[0;32mI (340) app_init: Compile time:     Jul  3 2024 18:21:24[0m
[0;32mI (346) app_init: ELF file SHA256:  900c1bbfc...[0m
[0;32mI (351) app_init: ESP-IDF:          v5.4-dev-826-g8760e6d2a7-dirty[0m
[0;32mI (358) efuse_init: Min chip rev:     v0.0[0m
[0;32mI (363) efuse_init: Max chip rev:     v0.99 [0m
[0;32mI (368) efuse_init: Chip rev:         v0.0[0m
[0;32mI (372) heap_init: Initializing. RAM available for dynamic allocation:[0m
[0;32mI (380) heap_init: At 40819DA0 len 00062870 (394 KiB): RAM[0m
[0;32mI (386) heap_init: At 4087C610 len 00002F54 (11 KiB): RAM[0m
[0;32mI (392) heap_init: At 50000000 len 00003FE8 (15 KiB): RTCRAM[0m
[0;32mI (399) spi_flash: detected chip: generic[0m
[0;32mI (403) spi_flash: flash io: dio[0m
[0;33mW (407) spi_flash: Detected size(4096k) larger than the size in the binary image header(2048k). Using the size in the binary image header.[0m
[0;32mI (420) sleep: Configure to isolate all GPIO pins in sleep state[0m
[0;32mI (427) sleep: Enable automatic switching of GPIO sleep configuration[0m
[0;32mI (434) coexist: coex firmware version: 66616e60c[0m
[0;32mI (448) coexist: coexist rom version 5b8dcfa[0m
[0;32mI (449) main_task: Started on CPU0[0m
[0;32mI (449) main_task: Calling app_main()[0m
[0;32mI (459) BLE_INIT: Using main XTAL as clock source[0m
[0;32mI (469) BLE_INIT: ble controller commit:[2c20dce][0m
[0;32mI (469) phy_init: phy_version 290,81efd96,May  8 2024,10:42:13[0m
[0;32mI (509) phy: libbtbb version: f97b181, May  8 2024, 10:42:29[0m
[0;32mI (509) GATTC_SPP_DEMO: app_main init bluetooth[0m
[0;31mE (519) BT_BTM: btm_ble_remove_resolving_list_entry_complete no pending resolving list operation[0m
[0;32mI (519) GATTC_SPP_DEMO: register callback[0m
[0;32mI (529) GATTC_SPP_DEMO: EVT 0, gYï¿½[0;31mE (5539) BLE: Not connected or DB is NULL[0m
[0;32mI (5539) main_task: Returned from app_main()[0m
