ESP-ROM:esp32c6-20220919
Build:Sep 19 2022
rst:0x1 (POWERON),boot:0xc (SPI_FAST_FLASH_BOOT)
SPIWP:0xee
mode:DIO, clock div:2
load:0x40875720,len:0x1804
load:0x4086c110,len:0xe2c
load:0x4086e610,len:0x2e44
entry 0x4086c11a
[0;32mI (23) boot: ESP-IDF v5.4-dev-826-g8760e6d2a7-dirty 2nd stage bootloader[0m
[0;32mI (24) boot: compile time Jul  3 2024 18:42:25[0m
[0;32mI (25) boot: chip revision: v0.0[0m
[0;32mI (28) boot.esp32c6: SPI Speed      : 80MHz[0m
[0;32mI (33) boot.esp32c6: SPI Mode       : DIO[0m
[0;32mI (38) boot.esp32c6: SPI Flash Size : 4MB[0m
[0;32mI (43) boot: Enabling RNG early entropy source...[0m
[0;32mI (48) boot: Partition Table:[0m
[0;32mI (52) boot: ## Label            Usage          Type ST Offset   Length[0m
[0;32mI (59) boot:  0 nvs              WiFi data        01 02 00009000 00004000[0m
[0;32mI (66) boot:  1 otadata          OTA data         01 00 0000d000 00002000[0m
[0;32mI (74) boot:  2 phy_init         RF data          01 01 0000f000 00001000[0m
[0;32mI (81) boot:  3 factory          factory app      00 00 00010000 00200000[0m
[0;32mI (89) boot: End of partition table[0m
[0;32mI (93) boot: Defaulting to factory image[0m
[0;32mI (98) esp_image: segment 0: paddr=00010020 vaddr=42120020 size=3bf10h (245520) map[0m
[0;32mI (157) esp_image: segment 1: paddr=0004bf38 vaddr=40800000 size=040e0h ( 16608) load[0m
[0;32mI (162) esp_image: segment 2: paddr=00050020 vaddr=42000020 size=119aa4h (1153700) map[0m
[0;32mI (400) esp_image: segment 3: paddr=00169acc vaddr=408040e0 size=1946ch (103532) load[0m
[0;32mI (426) esp_image: segment 4: paddr=00182f40 vaddr=4081d550 size=03c34h ( 15412) load[0m
[0;32mI (437) boot: Loaded app from partition at offset 0x10000[0m
[0;32mI (437) boot: Disabling RNG early entropy source...[0m
[0;32mI (449) cpu_start: Unicore app[0m
[0;32mI (458) cpu_start: Pro cpu start user code[0m
[0;32mI (458) cpu_start: cpu freq: 160000000 Hz[0m
[0;32mI (458) app_init: Application information:[0m
[0;32mI (461) app_init: Project name:     spp_client_demo[0m
[0;32mI (466) app_init: App version:      1[0m
[0;32mI (471) app_init: Compile time:     Jul  5 2024 11:35:27[0m
[0;32mI (477) app_init: ELF file SHA256:  00b9d84e4...[0m
[0;32mI (482) app_init: ESP-IDF:          v5.4-dev-826-g8760e6d2a7-dirty[0m
[0;32mI (489) efuse_init: Min chip rev:     v0.0[0m
[0;32mI (494) efuse_init: Max chip rev:     v0.99 [0m
[0;32mI (499) efuse_init: Chip rev:         v0.0[0m
[0;32mI (503) heap_init: Initializing. RAM available for dynamic allocation:[0m
[0;32mI (511) heap_init: At 40829810 len 00052E00 (331 KiB): RAM[0m
[0;32mI (517) heap_init: At 4087C610 len 00002F54 (11 KiB): RAM[0m
[0;32mI (523) heap_init: At 50000000 len 00003FE8 (15 KiB): RTCRAM[0m
[0;32mI (530) spi_flash: detected chip: generic[0m
[0;32mI (534) spi_flash: flash io: dio[0m
[0;32mI (538) sleep: Configure to isolate all GPIO pins in sleep state[0m
[0;32mI (545) sleep: Enable automatic switching of GPIO sleep configuration[0m
[0;32mI (552) coexist: coex firmware version: 66616e60c[0m
[0;32mI (579) coexist: coexist rom version 5b8dcfa[0m
[0;32mI (580) main_task: Started on CPU0[0m
[0;32mI (580) main_task: Calling app_main()[0m
[0;32mI (590) BLE_INIT: Using main XTAL as clock source[0m
[0;32mI (590) BLE_INIT: ble controller commit:[2c20dce][0m
[0;32mI (590) phy_init: phy_version 290,81efd96,May  8 2024,10:42:13[0m
[0;32mI (630) phy: libbtbb version: f97b181, May  8 2024, 10:42:29[0m
[0;32mI (640) GATTC_SPP_DEMO: app_main init bluetooth[0m
[0;31mE (650) BT_BTM: btm_ble_remove_resolving_list_entry_complete no pending resolving list operation[0m
[0;32mI (650) GATTC_SPP_DEMO: register callback[0m
[0;32mI (650) GATTC_SPP_DEMO: EVT 0, gYï¿½[0;32mI (5670) pp: pp rom version: 5b8dcfa[0m
[0;32mI (5670) net80211: net80211 rom version: 5b8dcfa[0m
I (5680) wifi:wifi driver task: 40842764, prio:23, stack:6656, core=0
I (5680) wifi:wifi firmware version: eb97ced
I (5680) wifi:wifi certification version: v7.0
I (5680) wifi:config NVS flash: enabled
I (5680) wifi:config nano formating: disabled
I (5690) wifi:mac_version:HAL_MAC_ESP32AX_761,ut_version:N, band:0x1
I (5690) wifi:Init data frame dynamic rx buffer num: 32
I (5700) wifi:Init static rx mgmt buffer num: 5
I (5700) wifi:Init management short buffer num: 32
I (5710) wifi:Init dynamic tx buffer num: 32
I (5710) wifi:Init static tx FG buffer num: 2
I (5720) wifi:Init static rx buffer size: 1700 (rxctrl:92, csi:512)
I (5720) wifi:Init static rx buffer num: 10
I (5720) wifi:Init dynamic rx buffer num: 32
[0;32mI (5730) wifi_init: rx ba win: 6[0m
[0;32mI (5730) wifi_init: accept mbox: 6[0m
[0;32mI (5740) wifi_init: tcpip mbox: 32[0m
[0;32mI (5740) wifi_init: udp mbox: 6[0m
[0;32mI (5740) wifi_init: tcp mbox: 6[0m
[0;32mI (5750) wifi_init: tcp tx win: 5760[0m
[0;32mI (5750) wifi_init: tcp rx win: 5760[0m
[0;32mI (5760) wifi_init: tcp mss: 1440[0m
[0;32mI (5760) wifi_init: WiFi IRAM OP enabled[0m
[0;32mI (5770) wifi_init: WiFi RX IRAM OP enabled[0m
[0;32mI (5770) wifi_init: WiFi SLP IRAM OP enabled[0m
W (5790) wifi:ACK_TAB0   :0x   90a0b, QAM16:0x9 (24Mbps), QPSK:0xa (12Mbps), BPSK:0xb (6Mbps)
W (5800) wifi:CTS_TAB0   :0x   90a0b, QAM16:0x9 (24Mbps), QPSK:0xa (12Mbps), BPSK:0xb (6Mbps)
W (5800) wifi:(agc)0x600a7128:0xd2068a06, min.avgNF:0xce->0xd2(dB), RCalCount:0x68, min.RRssi:0xa06(-95.62)
W (5810) wifi:(TB)WDEV_PWR_TB_MCS0:19
W (5810) wifi:(TB)WDEV_PWR_TB_MCS1:19
W (5820) wifi:(TB)WDEV_PWR_TB_MCS2:19
W (5820) wifi:(TB)WDEV_PWR_TB_MCS3:19
W (5820) wifi:(TB)WDEV_PWR_TB_MCS4:19
W (5830) wifi:(TB)WDEV_PWR_TB_MCS5:19
W (5830) wifi:(TB)WDEV_PWR_TB_MCS6:18
W (5830) wifi:(TB)WDEV_PWR_TB_MCS7:18
W (5840) wifi:(TB)WDEV_PWR_TB_MCS8:17
W (5840) wifi:(TB)WDEV_PWR_TB_MCS9:15
W (5840) wifi:(TB)WDEV_PWR_TB_MCS10:15
W (5850) wifi:(TB)WDEV_PWR_TB_MCS11:15
I (5850) wifi:11ax coex: WDEVAX_PTI0(0x55777555), WDEVAX_PTI1(0x00003377).

W (5860) wifi:(he)attach, station, phymode:11ax
I (5860) wifi:mode : sta (54:32:04:07:2d:14)
I (5870) wifi:enable tsf
[0;32mI (5870) WIFI_DEMO: wifi_init_sta finished.[0m
I (8280) wifi:Coexist: Wi-Fi connect fail, apply reconnect coex policy

[0;32mI (8280) WIFI_DEMO: retry to connect to the AP[0m
[0;32mI (8280) WIFI_DEMO: connect to the AP fail[0m
I (10680) wifi:Coexist: Wi-Fi connect fail, apply reconnect coex policy

[0;32mI (10680) WIFI_DEMO: retry to connect to the AP[0m
[0;32mI (10680) WIFI_DEMO: connect to the AP fail[0m
I (13090) wifi:Coexist: Wi-Fi connect fail, apply reconnect coex policy

[0;32mI (13090) WIFI_DEMO: retry to connect to the AP[0m
[0;32mI (13090) WIFI_DEMO: connect to the AP fail[0m
I (15500) wifi:Coexist: Wi-Fi connect fail, apply reconnect coex policy

[0;32mI (15500) WIFI_DEMO: retry to connect to the AP[0m
[0;32mI (15500) WIFI_DEMO: connect to the AP fail[0m
I (17900) wifi:Coexist: Wi-Fi connect fail, apply reconnect coex policy

[0;32mI (17900) WIFI_DEMO: retry to connect to the AP[0m
[0;32mI (17900) WIFI_DEMO: connect to the AP fail[0m
I (20310) wifi:Coexist: Wi-Fi connect fail, apply reconnect coex policy

[0;32mI (20310) WIFI_DEMO: connect to the AP fail[0m
[0;32mI (20310) WIFI_DEMO: Failed to connect to SSID:Galaxy A53 5G CA17, password:mperko12[0m
[0;31mE (20320) WIFI_DEMO: Socket connect failed[0m
[0;31mE (20320) WIFI_DEMO: Failed to send JSON message[0m
[0;31mE (20330) WIFI_DEMO: Failed to receive message[0m
[0;32mI (20330) main_task: Returned from app_main()[0m
