: segment 2: paddr=00060020 vaddr=42000020 size=14c8a4h (1362084) map[0m
ESP-ROM:esp32c6-20220919
Build:Sep 19 2022
rst:0x1 (POWERON),boot:0xc (SPI_FAST_FLASH_BOOT)
SPIWP:0xee
mode:DIO, clock div:2
load:0x40875720,len:0x1804
load:0x4086c110,len:0xe2c
load:0x4086e610,len:0x2e44
entry 0x4086c11a
[0;32mI (23) boot: ESP-IDF v5.4-dev-826-g8760e6d2a7-dirty 2nd stage bootloader[0m
[0;32mI (24) boot: compile time Jun 20 2024 13:27:43[0m
[0;32mI (25) boot: chip revision: v0.0[0m
[0;32mI (28) boot.esp32c6: SPI Speed      : 80MHz[0m
[0;32mI (33) boot.esp32c6: SPI Mode       : DIO[0m
[0;32mI (38) boot.esp32c6: SPI Flash Size : 4MB[0m
[0;32mI (43) boot: Enabling RNG early entropy source...[0m
[0;32mI (48) boot: Partition Table:[0m
[0;32mI (52) boot: ## Label            Usage          Type ST Offset   Length[0m
[0;32mI (59) boot:  0 nvs              WiFi data        01 02 00009000 00004000[0m
[0;32mI (66) boot:  1 otadata          OTA data         01 00 0000d000 00002000[0m
[0;32mI (74) boot:  2 phy_init         RF data          01 01 0000f000 00001000[0m
[0;32mI (81) boot:  3 factory          factory app      00 00 00010000 00200000[0m
[0;32mI (89) boot: End of partition table[0m
[0;32mI (93) boot: Defaulting to factory image[0m
[0;32mI (98) esp_image: segment 0: paddr=00010020 vaddr=42150020 size=4b0b0h (307376) map[0m
[0;32mI (170) esp_image: segment 1: paddr=0005b0d8 vaddr=40800000 size=04f40h ( 20288) load[0m
[0;32mI (175) esp_image: segment 2: paddr=00060020 vaddr=42000020 size=14c8a4h (1362084) map[0m
[0;32mI (457) esp_image: segment 3: paddr=001ac8cc vaddr=40804f40 size=174d8h ( 95448) load[0m
[0;32mI (480) esp_image: segment 4: paddr=001c3dac vaddr=4081c420 size=0457ch ( 17788) load[0m
[0;32mI (491) boot: Loaded app from partition at offset 0x10000[0m
[0;32mI (492) boot: Disabling RNG early entropy source...[0m
[0;32mI (503) cpu_start: Unicore app[0m
[0;32mI (513) cpu_start: Pro cpu start user code[0m
[0;32mI (513) cpu_start: cpu freq: 160000000 Hz[0m
[0;32mI (513) app_init: Application information:[0m
[0;32mI (516) app_init: Project name:     onoff_server[0m
[0;32mI (521) app_init: App version:      1[0m
[0;32mI (525) app_init: Compile time:     Jun 20 2024 13:27:38[0m
[0;32mI (531) app_init: ELF file SHA256:  bc4844592...[0m
[0;32mI (536) app_init: ESP-IDF:          v5.4-dev-826-g8760e6d2a7-dirty[0m
[0;32mI (543) efuse_init: Min chip rev:     v0.0[0m
[0;32mI (548) efuse_init: Max chip rev:     v0.99 [0m
[0;32mI (553) efuse_init: Chip rev:         v0.0[0m
[0;32mI (558) heap_init: Initializing. RAM available for dynamic allocation:[0m
[0;32mI (565) heap_init: At 4082C080 len 00050590 (321 KiB): RAM[0m
[0;32mI (571) heap_init: At 4087C610 len 00002F54 (11 KiB): RAM[0m
[0;32mI (577) heap_init: At 50000000 len 00003FE8 (15 KiB): RTCRAM[0m
[0;32mI (584) spi_flash: detected chip: generic[0m
[0;32mI (588) spi_flash: flash io: dio[0m
[0;32mI (592) sleep: Configure to isolate all GPIO pins in sleep state[0m
[0;32mI (599) sleep: Enable automatic switching of GPIO sleep configuration[0m
[0;32mI (606) coexist: coex firmware version: 66616e60c[0m
[0;32mI (634) coexist: coexist rom version 5b8dcfa[0m
[0;32mI (634) main_task: Started on CPU0[0m
[0;32mI (634) main_task: Calling app_main()[0m
[0;32mI (634) EXAMPLE: Initializing...[0m
[0;32mI (634) gpio: GPIO[3]| InputEn: 0| OutputEn: 0| OpenDrain: 0| Pullup: 1| Pulldown: 0| Intr:0 [0m
[0;32mI (644) gpio: GPIO[3]| InputEn: 0| OutputEn: 0| OpenDrain: 0| Pullup: 1| Pulldown: 0| Intr:0 [0m
[0;32mI (654) gpio: GPIO[3]| InputEn: 0| OutputEn: 0| OpenDrain: 0| Pullup: 1| Pulldown: 0| Intr:0 [0m
[0;32mI (674) BLE_INIT: Using main XTAL as clock source[0m
[0;32mI (674) BLE_INIT: ble controller commit:[2c20dce][0m
[0;32mI (674) phy_init: phy_version 290,81efd96,May  8 2024,10:42:13[0m
[0;32mI (724) phy: libbtbb version: f97b181, May  8 2024, 10:42:29[0m
[0;31mE (734) BT_BTM: btm_ble_remove_resolving_list_entry_complete no pending resolving list operation[0m
Bluetooth Mesh v1.1 commit: [10f7fdc1a9]
[0;32mI (794) EXAMPLE: ESP_BLE_MESH_PROV_REGISTER_COMP_EVT, err_code 0[0m
[0;32mI (794) EXAMPLE: ESP_BLE_MESH_NODE_PROV_ENABLE_COMP_EVT, err_code 0[0m
[0;32mI (794) EXAMPLE: BLE Mesh Node initialized[0m
[0;32mI (794) EXAMPLE: ESP_WIFI_MODE_STA[0m
[0;32mI (804) pp: pp rom version: 5b8dcfa[0m
[0;32mI (804) net80211: net80211 rom version: 5b8dcfa[0m
I (824) wifi:wifi driver task: 408439e0, prio:23, stack:6656, core=0
I (824) wifi:wifi firmware version: eb97ced
I (824) wifi:wifi certification version: v7.0
I (824) wifi:config NVS flash: enabled
I (824) wifi:config nano formating: disabled
I (834) wifi:mac_version:HAL_MAC_ESP32AX_761,ut_version:N, band:0x1
I (834) wifi:Init data frame dynamic rx buffer num: 32
I (844) wifi:Init static rx mgmt buffer num: 5
I (844) wifi:Init management short buffer num: 32
I (854) wifi:Init dynamic tx buffer num: 32
I (854) wifi:Init static tx FG buffer num: 2
I (864) wifi:Init static rx buffer size: 1700 (rxctrl:92, csi:512)
I (864) wifi:Init static rx buffer num: 10
I (864) wifi:Init dynamic rx buffer num: 32
[0;32mI (874) wifi_init: rx ba win: 6[0m
[0;32mI (874) wifi_init: accept mbox: 6[0m
[0;32mI (884) wifi_init: tcpip mbox: 32[0m
[0;32mI (884) wifi_init: udp mbox: 6[0m
[0;32mI (884) wifi_init: tcp mbox: 6[0m
[0;32mI (894) wifi_init: tcp tx win: 5760[0m
[0;32mI (894) wifi_init: tcp rx win: 5760[0m
[0;32mI (904) wifi_init: tcp mss: 1440[0m
[0;32mI (904) wifi_init: WiFi IRAM OP enabled[0m
[0;32mI (904) wifi_init: WiFi RX IRAM OP enabled[0m
[0;32mI (914) wifi_init: WiFi SLP IRAM OP enabled[0m
W (994) wifi:ACK_TAB0   :0x   90a0b, QAM16:0x9 (24Mbps), QPSK:0xa (12Mbps), BPSK:0xb (6Mbps)
W (994) wifi:CTS_TAB0   :0x   90a0b, QAM16:0x9 (24Mbps), QPSK:0xa (12Mbps), BPSK:0xb (6Mbps)
W (994) wifi:(agc)0x600a7128:0xd21e99de, min.avgNF:0xce->0xd2(dB), RCalCount:0x1e9, min.RRssi:0x9de(-98.12)
W (1004) wifi:(TB)WDEV_PWR_TB_MCS0:19
W (1014) wifi:(TB)WDEV_PWR_TB_MCS1:19
W (1014) wifi:(TB)WDEV_PWR_TB_MCS2:19
W (1014) wifi:(TB)WDEV_PWR_TB_MCS3:19
W (1024) wifi:(TB)WDEV_PWR_TB_MCS4:19
W (1024) wifi:(TB)WDEV_PWR_TB_MCS5:19
W (1024) wifi:(TB)WDEV_PWR_TB_MCS6:18
W (1034) wifi:(TB)WDEV_PWR_TB_MCS7:18
W (1034) wifi:(TB)WDEV_PWR_TB_MCS8:17
W (1034) wifi:(TB)WDEV_PWR_TB_MCS9:15
W (1044) wifi:(TB)WDEV_PWR_TB_MCS10:15
W (1044) wifi:(TB)WDEV_PWR_TB_MCS11:15
I (1044) wifi:11ax coex: WDEVAX_PTI0(0x55777555), WDEVAX_PTI1(0x00003377).

W (1054) wifi:(he)attach, station, phymode:11ax
I (1054) wifi:mode : sta (54:32:04:07:2d:14)
I (1064) wifi:enable tsf
[0;32mI (1064) EXAMPLE: wifi_init_sta finished.[0m
I (1384) wifi:new:<11,0>, old:<1,0>, ap:<255,255>, sta:<11,0>, prof:1, snd_ch_cfg:0x0
I (1384) wifi:(connect)dot11_authmode:0x3, pairwise_cipher:0x3, group_cipher:0x1
I (1384) wifi:state: init -> auth (0xb0)
I (1394) wifi:state: auth -> assoc (0x0)
I (1404) wifi:(assoc)RESP, Extended Capabilities length:8, operating_mode_notification:0
I (1404) wifi:(assoc)RESP, Extended Capabilities, MBSSID:0, TWT Responder:0, OBSS Narrow Bandwidth RU In OFDMA Tolerance:0
I (1414) wifi:Extended Capabilities length:8, operating_mode_notification:1
I (1424) wifi:state: assoc -> run (0x10)
I (1424) wifi:(trc)phytype:CBW20-SGI, snr:18, maxRate:144, highestRateIdx:0
W (1434) wifi:(trc)band:2G, phymode:3, highestRateIdx:0, lowestRateIdx:11, dataSchedTableSize:14
I (1444) wifi:(trc)band:2G, rate(L-MCS3, rateIdx:5), ampdu(rate:L-MCS3, schedIdx(5, stop:8)), snr:18, ampduState:wait operational
I (1454) wifi:ifidx:0, rssi:-79, nf:-97, phytype(0x3, CBW20-SGI), phymode(0x3, 11bgn), max_rate:144, he:0, vht:0, ht:1
I (1464) wifi:(ht)max.RxAMPDULenExponent:3(65535 bytes), MMSS:6(8 us)
I (1474) wifi:connected with zipato-xxx, aid = 5, channel 11, BW20, bssid = e0:63:da:03:d4:61
I (1484) wifi:cipher(pairwise:0x3, group:0x1), pmf:0, security:WPA2-PSK, phy:11bgn, rssi:-79
I (1494) wifi:pm start, type: 1, twt_start:0

I (1494) wifi:pm start, type:1, aid:0x5, trans-BSSID:e0:63:da:03:d4:61, BSSID[5]:0x61, mbssid(max-indicator:0, index:0), he:0
I (1504) wifi:dp: 1, bi: 102400, li: 3, scale listen interval from 307200 us to 307200 us
I (1504) wifi:set rx beacon pti, rx_bcn_pti: 10, bcn_timeout: 25000, mt_pti: 10, mt_time: 10000
I (1514) wifi:[ADDBA]TX addba request, tid:0, dialogtoken:1, bufsize:64, A-MSDU:0(not supported), policy:1(IMR), ssn:0(0x0)
I (1524) wifi:[ADDBA]TX addba request, tid:7, dialogtoken:2, bufsize:64, A-MSDU:0(not supported), policy:1(IMR), ssn:0(0x20)
I (1534) wifi:[ADDBA]TX addba request, tid:5, dialogtoken:3, bufsize:64, A-MSDU:0(not supported), policy:1(IMR), ssn:0(0x0)
I (1554) wifi:AP's beacon interval = 102400 us, DTIM period = 1
I (1554) wifi:[ADDBA]RX addba response, status:0, tid:0/tb:1(0xa1), bufsize:64, batimeout:0, txa_wnd:64
I (1564) wifi:[ADDBA]RX addba response, status:0, tid:7/tb:1(0xa1), bufsize:64, batimeout:0, txa_wnd:64
I (1574) wifi:[ADDBA]RX addba response, status:0, tid:5/tb:1(0xa1), bufsize:64, batimeout:0, txa_wnd:64
W (1594) wifi:<ba-add>idx:0, ifx:0, tid:0, TAHI:0x10061d4, TALO:0x3da63e0, (ssn:0, win:64, cur_ssn:0), CONF:0xc0000005
[0;32mI (2584) esp_netif_handlers: sta ip: 172.16.18.126, mask: 255.255.252.0, gw: 172.16.16.1[0m
[0;32mI (2584) EXAMPLE: got ip:172.16.18.126[0m
[0;32mI (2584) EXAMPLE: connected to ap SSID:zipato-xxx password:87654321[0m
[0;32mI (2594) EXAMPLE: Successfully connected to server[0m
[0;32mI (2594) main_task: Returned from app_main()[0m
I (14024) wifi:[ADDBA]RX DELBA, reason:39, delete tid:0, initiator:0(recipient)
I (14024) wifi:[ADDBA]RX DELBA, reason:39, delete tid:5, initiator:0(recipient)
I (14024) wifi:[ADDBA]RX DELBA, reason:39, delete tid:7, initiator:0(recipient)
