ESP-ROM:esp32c6-20220919
Build:Sep 19 2022
rst:0x1 (POWERON),boot:0xc (SPI_FAST_FLASH_BOOT)
SPIWP:0xee
mode:DIO, clock div:2
load:0x40875720,len:0x1804
load:0x4086c110,len:0xe2c
load:0x4086e610,len:0x2e44
entry 0x4086c11a
[0;32mI (23) boot: ESP-IDF v5.4-dev-826-g8760e6d2a7-dirty 2nd stage bootloader[0m
[0;32mI (24) boot: compile time Jun 20 2024 13:27:43[0m
[0;32mI (25) boot: chip revision: v0.0[0m
[0;32mI (28) boot.esp32c6: SPI Speed      : 80MHz[0m
[0;32mI (33) boot.esp32c6: SPI Mode       : DIO[0m
[0;32mI (38) boot.esp32c6: SPI Flash Size : 4MB[0m
[0;32mI (43) boot: Enabling RNG early entropy source...[0m
[0;32mI (48) boot: Partition Table:[0m
[0;32mI (52) boot: ## Label            Usage          Type ST Offset   Length[0m
[0;32mI (59) boot:  0 nvs              WiFi data        01 02 00009000 00004000[0m
[0;32mI (66) boot:  1 otadata          OTA data         01 00 0000d000 00002000[0m
[0;32mI (74) boot:  2 phy_init         RF data          01 01 0000f000 00001000[0m
[0;32mI (81) boot:  3 factory          factory app      00 00 00010000 00200000[0m
[0;32mI (89) boot: End of partition table[0m
[0;32mI (93) boot: Defaulting to factory image[0m
[0;32mI (98) esp_image: segment 0: paddr=00010020 vaddr=420f0020 size=3d018h (249880) map[0m
[0;32mI (158) esp_image: segment 1: paddr=0004d040 vaddr=40800000 size=02fd8h ( 12248) load[0m
[0;32mI (161) esp_image: segment 2: paddr=00050020 vaddr=42000020 size=ef134h (979252) map[0m
[0;32mI (365) esp_image: segment 3: paddr=0013f15c vaddr=40802fd8 size=0ed2ch ( 60716) load[0m
[0;32mI (380) esp_image: segment 4: paddr=0014de90 vaddr=40811d10 size=03274h ( 12916) load[0m
[0;32mI (389) boot: Loaded app from partition at offset 0x10000[0m
[0;32mI (389) boot: Disabling RNG early entropy source...[0m
[0;32mI (401) cpu_start: Unicore app[0m
[0;32mI (410) cpu_start: Pro cpu start user code[0m
[0;32mI (410) cpu_start: cpu freq: 160000000 Hz[0m
[0;32mI (410) app_init: Application information:[0m
[0;32mI (413) app_init: Project name:     onoff_server[0m
[0;32mI (418) app_init: App version:      1[0m
[0;32mI (423) app_init: Compile time:     Jul  1 2024 17:01:45[0m
[0;32mI (429) app_init: ELF file SHA256:  3cf7c6a40...[0m
[0;32mI (434) app_init: ESP-IDF:          v5.4-dev-826-g8760e6d2a7-dirty[0m
[0;32mI (441) efuse_init: Min chip rev:     v0.0[0m
[0;32mI (445) efuse_init: Max chip rev:     v0.99 [0m
[0;32mI (450) efuse_init: Chip rev:         v0.0[0m
[0;32mI (455) heap_init: Initializing. RAM available for dynamic allocation:[0m
[0;32mI (462) heap_init: At 4081D4E0 len 0005F130 (380 KiB): RAM[0m
[0;32mI (469) heap_init: At 4087C610 len 00002F54 (11 KiB): RAM[0m
[0;32mI (475) heap_init: At 50000000 len 00003FE8 (15 KiB): RTCRAM[0m
[0;32mI (482) spi_flash: detected chip: generic[0m
[0;32mI (486) spi_flash: flash io: dio[0m
[0;33mW (490) spi_flash: Detected size(8192k) larger than the size in the binary image header(4096k). Using the size in the binary image header.[0m
[0;32mI (503) sleep: Configure to isolate all GPIO pins in sleep state[0m
[0;32mI (510) sleep: Enable automatic switching of GPIO sleep configuration[0m
[0;32mI (517) coexist: coex firmware version: 66616e60c[0m
[0;32mI (531) coexist: coexist rom version 5b8dcfa[0m
[0;32mI (532) main_task: Started on CPU0[0m
[0;32mI (532) main_task: Calling app_main()[0m
[0;32mI (532) EXAMPLE: Initializing...[0m
[0;32mI (532) gpio: GPIO[3]| InputEn: 0| OutputEn: 0| OpenDrain: 0| Pullup: 1| Pulldown: 0| Intr:0 [0m
[0;32mI (542) gpio: GPIO[3]| InputEn: 0| OutputEn: 0| OpenDrain: 0| Pullup: 1| Pulldown: 0| Intr:0 [0m
[0;32mI (552) gpio: GPIO[3]| InputEn: 0| OutputEn: 0| OpenDrain: 0| Pullup: 1| Pulldown: 0| Intr:0 [0m
[0;32mI (572) BLE_INIT: Using main XTAL as clock source[0m
[0;32mI (572) BLE_INIT: ble controller commit:[2c20dce][0m
[0;32mI (572) phy_init: phy_version 290,81efd96,May  8 2024,10:42:13[0m
[0;32mI (622) phy: libbtbb version: f97b181, May  8 2024, 10:42:29[0m
[0;31mE (632) BT_BTM: btm_ble_remove_resolving_list_entry_complete no pending resolving list operation[0m
Bluetooth Mesh v1.1 commit: [10f7fdc1a9]
[0;32mI (692) EXAMPLE: ESP_BLE_MESH_PROV_REGISTER_COMP_EVT, err_code 0[0m
[0;32mI (692) EXAMPLE: ESP_BLE_MESH_NODE_PROV_ENABLE_COMP_EVT, err_code 0[0m
[0;32mI (692) EXAMPLE: BLE Mesh Node initialized[0m
[0;32mI (692) main_task: Returned from app_main()[0m
[0;31mE (305712) BLE_MESH: Out of unprov beacon buffer[0m
[0;31mE (310712) BLE_MESH: Out of unprov beacon buffer[0m
[0;31mE (315712) BLE_MESH: Out of unprov beacon buffer[0m
[0;31mE (320712) BLE_MESH: Out of unprov beacon buffer[0m
[0;31mE (325712) BLE_MESH: Out of unprov beacon buffer[0m
[0;31mE (330712) BLE_MESH: Out of unprov beacon buffer[0m
[0;31mE (335712) BLE_MESH: Out of unprov beacon buffer[0m
[0;31mE (340712) BLE_MESH: Out of unprov beacon buffer[0m
[0;31mE (345712) BLE_MESH: Out of unprov beacon buffer[0m
[0;31mE (350712) BLE_MESH: Out of unprov beacon buffer[0m
[0;31mE (355712) BLE_MESH: Out of unprov beacon buffer[0m
[0;31mE (360712) BLE_MESH: Out of unprov beacon buffer[0m
[0;31mE (365712) BLE_MESH: Out of unprov beacon buffer[0m
[0;31mE (370712) BLE_MESH: Out of unprov beacon buffer[0m
