ESP-ROM:esp32c6-20220919
Build:Sep 19 2022
rst:0x1 (POWERON),boot:0xc (SPI_FAST_FLASH_BOOT)
SPIWP:0xee
mode:DIO, clock div:2
load:0x40875720,len:0x1804
load:0x4086c110,len:0xe2c
load:0x4086e610,len:0x2e44
entry 0x4086c11a
[0;32mI (23) boot: ESP-IDF v5.4-dev-826-g8760e6d2a7-dirty 2nd stage bootloader[0m
[0;32mI (24) boot: compile time Jun 20 2024 13:27:43[0m
[0;32mI (25) boot: chip revision: v0.0[0m
[0;32mI (28) boot.esp32c6: SPI Speed      : 80MHz[0m
[0;32mI (33) boot.esp32c6: SPI Mode       : DIO[0m
[0;32mI (38) boot.esp32c6: SPI Flash Size : 4MB[0m
[0;32mI (43) boot: Enabling RNG early entropy source...[0m
[0;32mI (48) boot: Partition Table:[0m
[0;32mI (52) boot: ## Label            Usage          Type ST Offset   Length[0m
[0;32mI (59) boot:  0 nvs              WiFi data        01 02 00009000 00004000[0m
[0;32mI (66) boot:  1 otadata          OTA data         01 00 0000d000 00002000[0m
[0;32mI (74) boot:  2 phy_init         RF data          01 01 0000f000 00001000[0m
[0;32mI (81) boot:  3 factory          factory app      00 00 00010000 00200000[0m
[0;32mI (89) boot: End of partition table[0m
[0;32mI (93) boot: Defaulting to factory image[0m
[0;32mI (98) esp_image: segment 0: paddr=00010020 vaddr=42160020 size=4bcb4h (310452) map[0m
[0;32mI (170) esp_image: segment 1: paddr=0005bcdc vaddr=40800000 size=0433ch ( 17212) load[0m
[0;32mI (175) esp_image: segment 2: paddr=00060020 vaddr=42000020 size=1516c0h (1382080) map[0m
[0;32mI (461) esp_image: segment 3: paddr=001b16e8 vaddr=4080433c size=180dch ( 98524) load[0m
[0;32mI (485) esp_image: segment 4: paddr=001c97cc vaddr=4081c420 size=045ach ( 17836) load[0m
[0;32mI (497) boot: Loaded app from partition at offset 0x10000[0m
[0;32mI (497) boot: Disabling RNG early entropy source...[0m
[0;32mI (508) cpu_start: Unicore app[0m
[0;32mI (518) cpu_start: Pro cpu start user code[0m
[0;32mI (518) cpu_start: cpu freq: 160000000 Hz[0m
[0;32mI (518) app_init: Application information:[0m
[0;32mI (521) app_init: Project name:     onoff_server[0m
[0;32mI (526) app_init: App version:      1[0m
[0;32mI (530) app_init: Compile time:     Jun 24 2024 16:28:52[0m
[0;32mI (536) app_init: ELF file SHA256:  0071a44fd...[0m
[0;32mI (542) app_init: ESP-IDF:          v5.4-dev-826-g8760e6d2a7-dirty[0m
[0;32mI (548) efuse_init: Min chip rev:     v0.0[0m
[0;32mI (553) efuse_init: Max chip rev:     v0.99 [0m
[0;32mI (558) efuse_init: Chip rev:         v0.0[0m
[0;32mI (563) heap_init: Initializing. RAM available for dynamic allocation:[0m
[0;32mI (570) heap_init: At 4082C260 len 000503B0 (320 KiB): RAM[0m
[0;32mI (576) heap_init: At 4087C610 len 00002F54 (11 KiB): RAM[0m
[0;32mI (582) heap_init: At 50000000 len 00003FE8 (15 KiB): RTCRAM[0m
[0;32mI (590) spi_flash: detected chip: generic[0m
[0;32mI (593) spi_flash: flash io: dio[0m
[0;32mI (598) sleep: Configure to isolate all GPIO pins in sleep state[0m
[0;32mI (604) sleep: Enable automatic switching of GPIO sleep configuration[0m
[0;32mI (611) coexist: coex firmware version: 66616e60c[0m
[0;32mI (639) coexist: coexist rom version 5b8dcfa[0m
[0;32mI (639) main_task: Started on CPU0[0m
[0;32mI (639) main_task: Calling app_main()[0m
[0;32mI (639) EXAMPLE: Initializing...[0m
[0;32mI (639) gpio: GPIO[3]| InputEn: 0| OutputEn: 0| OpenDrain: 0| Pullup: 1| Pulldown: 0| Intr:0 [0m
[0;32mI (649) gpio: GPIO[3]| InputEn: 0| OutputEn: 0| OpenDrain: 0| Pullup: 1| Pulldown: 0| Intr:0 [0m
[0;32mI (659) gpio: GPIO[3]| InputEn: 0| OutputEn: 0| OpenDrain: 0| Pullup: 1| Pulldown: 0| Intr:0 [0m
[0;32mI (679) BLE_INIT: Using main XTAL as clock source[0m
[0;32mI (679) BLE_INIT: ble controller commit:[2c20dce][0m
[0;32mI (679) phy_init: phy_version 290,81efd96,May  8 2024,10:42:13[0m
[0;32mI (729) phy: libbtbb version: f97b181, May  8 2024, 10:42:29[0m
[0;31mE (739) BT_BTM: btm_ble_remove_resolving_list_entry_complete no pending resolving list operation[0m
Bluetooth Mesh v1.1 commit: [10f7fdc1a9]
[0;32mI (789) EXAMPLE: ESP_BLE_MESH_PROV_REGISTER_COMP_EVT, err_code 0[0m
[0;32mI (799) EXAMPLE: ESP_BLE_MESH_NODE_PROV_ENABLE_COMP_EVT, err_code 0[0m
[0;32mI (799) EXAMPLE: BLE Mesh Node initialized[0m
[0;32mI (799) EXAMPLE: ESP_WIFI_MODE_STA[0m
[0;32mI (809) pp: pp rom version: 5b8dcfa[0m
[0;32mI (809) net80211: net80211 rom version: 5b8dcfa[0m
I (829) wifi:wifi driver task: 40843ba4, prio:23, stack:6656, core=0
I (829) wifi:wifi firmware version: eb97ced
I (829) wifi:wifi certification version: v7.0
I (829) wifi:config NVS flash: enabled
I (829) wifi:config nano formating: disabled
I (839) wifi:mac_version:HAL_MAC_ESP32AX_761,ut_version:N, band:0x1
I (839) wifi:Init data frame dynamic rx buffer num: 32
I (849) wifi:Init static rx mgmt buffer num: 5
I (849) wifi:Init management short buffer num: 32
I (859) wifi:Init dynamic tx buffer num: 32
I (859) wifi:Init static tx FG buffer num: 2
I (859) wifi:Init static rx buffer size: 1700 (rxctrl:92, csi:512)
I (869) wifi:Init static rx buffer num: 10
I (869) wifi:Init dynamic rx buffer num: 32
[0;32mI (879) wifi_init: rx ba win: 6[0m
[0;32mI (879) wifi_init: accept mbox: 6[0m
[0;32mI (889) wifi_init: tcpip mbox: 32[0m
[0;32mI (889) wifi_init: udp mbox: 6[0m
[0;32mI (889) wifi_init: tcp mbox: 6[0m
[0;32mI (899) wifi_init: tcp tx win: 5760[0m
[0;32mI (899) wifi_init: tcp rx win: 5760[0m
[0;32mI (899) wifi_init: tcp mss: 1440[0m
[0;32mI (909) wifi_init: WiFi IRAM OP enabled[0m
[0;32mI (909) wifi_init: WiFi RX IRAM OP enabled[0m
[0;32mI (919) wifi_init: WiFi SLP IRAM OP enabled[0m
W (939) wifi:ACK_TAB0   :0x   90a0b, QAM16:0x9 (24Mbps), QPSK:0xa (12Mbps), BPSK:0xb (6Mbps)
W (939) wifi:CTS_TAB0   :0x   90a0b, QAM16:0x9 (24Mbps), QPSK:0xa (12Mbps), BPSK:0xb (6Mbps)
W (939) wifi:(agc)0x600a7128:0xd21c9a02, min.avgNF:0xce->0xd2(dB), RCalCount:0x1c9, min.RRssi:0xa02(-95.88)
W (949) wifi:(TB)WDEV_PWR_TB_MCS0:19
W (949) wifi:(TB)WDEV_PWR_TB_MCS1:19
W (959) wifi:(TB)WDEV_PWR_TB_MCS2:19
W (959) wifi:(TB)WDEV_PWR_TB_MCS3:19
W (959) wifi:(TB)WDEV_PWR_TB_MCS4:19
W (969) wifi:(TB)WDEV_PWR_TB_MCS5:19
W (969) wifi:(TB)WDEV_PWR_TB_MCS6:18
W (969) wifi:(TB)WDEV_PWR_TB_MCS7:18
W (979) wifi:(TB)WDEV_PWR_TB_MCS8:17
W (979) wifi:(TB)WDEV_PWR_TB_MCS9:15
W (979) wifi:(TB)WDEV_PWR_TB_MCS10:15
W (989) wifi:(TB)WDEV_PWR_TB_MCS11:15
I (989) wifi:11ax coex: WDEVAX_PTI0(0x55777555), WDEVAX_PTI1(0x00003377).

W (999) wifi:(he)attach, station, phymode:11ax
I (999) wifi:mode : sta (54:32:04:07:2d:14)
I (1009) wifi:enable tsf
[0;32mI (1009) EXAMPLE: wifi_init_sta finished.[0m
I (1329) wifi:new:<11,0>, old:<1,0>, ap:<255,255>, sta:<11,0>, prof:1, snd_ch_cfg:0x0
I (1329) wifi:(connect)dot11_authmode:0x3, pairwise_cipher:0x3, group_cipher:0x1
I (1329) wifi:state: init -> auth (0xb0)
I (1349) wifi:state: auth -> assoc (0x0)
I (1349) wifi:(assoc)RESP, Extended Capabilities length:8, operating_mode_notification:0
I (1349) wifi:(assoc)RESP, Extended Capabilities, MBSSID:0, TWT Responder:0, OBSS Narrow Bandwidth RU In OFDMA Tolerance:0
I (1359) wifi:Extended Capabilities length:8, operating_mode_notification:1
I (1369) wifi:state: assoc -> run (0x10)
I (1369) wifi:(trc)phytype:CBW20-SGI, snr:24, maxRate:144, highestRateIdx:0
W (1379) wifi:(trc)band:2G, phymode:3, highestRateIdx:0, lowestRateIdx:11, dataSchedTableSize:14
I (1389) wifi:(trc)band:2G, rate(L-MCS4, rateIdx:4), ampdu(rate:L-MCS4, schedIdx(4, stop:8)), snr:24, ampduState:wait operational
I (1399) wifi:ifidx:0, rssi:-72, nf:-96, phytype(0x3, CBW20-SGI), phymode(0x3, 11bgn), max_rate:144, he:0, vht:0, ht:1
I (1409) wifi:(ht)max.RxAMPDULenExponent:3(65535 bytes), MMSS:6(8 us)
I (1429) wifi:connected with zipato-xxx, aid = 4, channel 11, BW20, bssid = e0:63:da:03:d4:61
I (1429) wifi:cipher(pairwise:0x3, group:0x1), pmf:0, security:WPA2-PSK, phy:11bgn, rssi:-72
I (1439) wifi:pm start, type: 1, twt_start:0

I (1439) wifi:pm start, type:1, aid:0x4, trans-BSSID:e0:63:da:03:d4:61, BSSID[5]:0x61, mbssid(max-indicator:0, index:0), he:0
I (1449) wifi:dp: 1, bi: 102400, li: 3, scale listen interval from 307200 us to 307200 us
I (1459) wifi:set rx beacon pti, rx_bcn_pti: 10, bcn_timeout: 25000, mt_pti: 10, mt_time: 10000
I (1459) wifi:[ADDBA]TX addba request, tid:0, dialogtoken:1, bufsize:64, A-MSDU:0(not supported), policy:1(IMR), ssn:0(0x0)
I (1469) wifi:[ADDBA]TX addba request, tid:7, dialogtoken:2, bufsize:64, A-MSDU:0(not supported), policy:1(IMR), ssn:0(0x20)
I (1489) wifi:[ADDBA]TX addba request, tid:5, dialogtoken:3, bufsize:64, A-MSDU:0(not supported), policy:1(IMR), ssn:0(0x0)
I (1499) wifi:AP's beacon interval = 102400 us, DTIM period = 1
I (1499) wifi:[ADDBA]RX addba response, status:0, tid:0/tb:1(0xa1), bufsize:64, batimeout:0, txa_wnd:64
I (1509) wifi:[ADDBA]RX addba response, status:0, tid:7/tb:1(0xa1), bufsize:64, batimeout:0, txa_wnd:64
I (1519) wifi:[ADDBA]RX addba response, status:0, tid:5/tb:1(0xa1), bufsize:64, batimeout:0, txa_wnd:64
W (1529) wifi:<ba-add>idx:0, ifx:0, tid:0, TAHI:0x10061d4, TALO:0x3da63e0, (ssn:0, win:64, cur_ssn:0), CONF:0xc0000005
[0;32mI (3009) esp_netif_handlers: sta ip: 172.16.18.151, mask: 255.255.252.0, gw: 172.16.16.1[0m
[0;32mI (3009) EXAMPLE: got ip:172.16.18.151[0m
[0;32mI (3009) EXAMPLE: connected to ap SSID:zipato-xxx password:87654321[0m
[0;32mI (3029) EXAMPLE: Successfully connected to server[0m
[0;32mI (3039) EXAMPLE: JSON message sent successfully: {"type":"data","content":"Hello, Server!"}[0m
BLE scanning started successfully.
[0;32mI (3039) main_task: Returned from app_main()[0m
I (4569) wifi:[ADDBA]RX DELBA, reason:39, delete tid:5, initiator:0(recipient)
I (19609) wifi:[ADDBA]RX DELBA, reason:39, delete tid:0, initiator:0(recipient)
I (19609) wifi:[ADDBA]RX DELBA, reason:39, delete tid:7, initiator:0(recipient)
