ESP-ROM:esp32c6-20220919
Build:Sep 19 2022
rst:0x1 (POWERON),boot:0xc (SPI_FAST_FLASH_BOOT)
SPIWP:0xee
mode:DIO, clock div:2
load:0x40875720,len:0x1804
load:0x4086c110,len:0xe2c
load:0x4086e610,len:0x2e44
entry 0x4086c11a
[0;32mI (23) boot: ESP-IDF v5.4-dev-826-g8760e6d2a7-dirty 2nd stage bootloader[0m
[0;32mI (24) boot: compile time Jun 20 2024 13:27:43[0m
[0;32mI (25) boot: chip revision: v0.0[0m
[0;32mI (28) boot.esp32c6: SPI Speed      : 80MHz[0m
[0;32mI (33) boot.esp32c6: SPI Mode       : DIO[0m
[0;32mI (38) boot.esp32c6: SPI Flash Size : 4MB[0m
[0;32mI (43) boot: Enabling RNG early entropy source...[0m
[0;32mI (48) boot: Partition Table:[0m
[0;32mI (52) boot: ## Label            Usage          Type ST Offset   Length[0m
[0;32mI (59) boot:  0 nvs              WiFi data        01 02 00009000 00004000[0m
[0;32mI (66) boot:  1 otadata          OTA data         01 00 0000d000 00002000[0m
[0;32mI (74) boot:  2 phy_init         RF data          01 01 0000f000 00001000[0m
[0;32mI (81) boot:  3 factory          factory app      00 00 00010000 00200000[0m
[0;32mI (89) boot: End of partition table[0m
[0;32mI (93) boot: Defaulting to factory image[0m
[0;32mI (98) esp_image: segment 0: paddr=00010020 vaddr=42100020 size=3dabch (252604) map[0m
[0;32mI (158) esp_image: segment 1: paddr=0004dae4 vaddr=40800000 size=02534h (  9524) load[0m
[0;32mI (161) esp_image: segment 2: paddr=00050020 vaddr=42000020 size=f2940h (993600) map[0m
[0;32mI (369) esp_image: segment 3: paddr=00142968 vaddr=40802534 size=109fch ( 68092) load[0m
[0;32mI (386) esp_image: segment 4: paddr=0015336c vaddr=40812f30 size=03094h ( 12436) load[0m
[0;32mI (394) boot: Loaded app from partition at offset 0x10000[0m
[0;32mI (394) boot: Disabling RNG early entropy source...[0m
[0;32mI (406) cpu_start: Unicore app[0m
[0;32mI (415) cpu_start: Pro cpu start user code[0m
[0;32mI (415) cpu_start: cpu freq: 160000000 Hz[0m
[0;32mI (415) app_init: Application information:[0m
[0;32mI (418) app_init: Project name:     onoff_server[0m
[0;32mI (423) app_init: App version:      1[0m
[0;32mI (428) app_init: Compile time:     Jul  5 2024 13:47:41[0m
[0;32mI (434) app_init: ELF file SHA256:  9750530fa...[0m
[0;32mI (439) app_init: ESP-IDF:          v5.4-dev-826-g8760e6d2a7-dirty[0m
[0;32mI (446) efuse_init: Min chip rev:     v0.0[0m
[0;32mI (451) efuse_init: Max chip rev:     v0.99 [0m
[0;32mI (456) efuse_init: Chip rev:         v0.0[0m
[0;32mI (460) heap_init: Initializing. RAM available for dynamic allocation:[0m
[0;32mI (468) heap_init: At 4081E570 len 0005E0A0 (376 KiB): RAM[0m
[0;32mI (474) heap_init: At 4087C610 len 00002F54 (11 KiB): RAM[0m
[0;32mI (480) heap_init: At 50000000 len 00003FE8 (15 KiB): RTCRAM[0m
[0;32mI (487) spi_flash: detected chip: generic[0m
[0;32mI (491) spi_flash: flash io: dio[0m
[0;33mW (495) spi_flash: Detected size(8192k) larger than the size in the binary image header(4096k). Using the size in the binary image header.[0m
[0;32mI (508) sleep: Configure to isolate all GPIO pins in sleep state[0m
[0;32mI (515) sleep: Enable automatic switching of GPIO sleep configuration[0m
[0;32mI (522) coexist: coex firmware version: 66616e60c[0m
[0;32mI (536) coexist: coexist rom version 5b8dcfa[0m
[0;32mI (537) main_task: Started on CPU0[0m
[0;32mI (537) main_task: Calling app_main()[0m
[0;32mI (537) gpio: GPIO[3]| InputEn: 0| OutputEn: 0| OpenDrain: 0| Pullup: 1| Pulldown: 0| Intr:0 [0m
[0;32mI (547) gpio: GPIO[3]| InputEn: 0| OutputEn: 0| OpenDrain: 0| Pullup: 1| Pulldown: 0| Intr:0 [0m
[0;32mI (557) gpio: GPIO[3]| InputEn: 0| OutputEn: 0| OpenDrain: 0| Pullup: 1| Pulldown: 0| Intr:0 [0m
use esp timer !!!
[0;31mE (567) esp_timer: Task is already initialized[0m
[0;32mI (567) gpio: GPIO[22]| InputEn: 1| OutputEn: 0| OpenDrain: 0| Pullup: 1| Pulldown: 0| Intr:3 [0m
[0;33mW (577) BOARD: led red is already off[0m
[0;32mI (597) BLE_INIT: Using main XTAL as clock source[0m
[0;32mI (597) BLE_INIT: ble controller commit:[2c20dce][0m
[0;32mI (597) phy_init: phy_version 290,81efd96,May  8 2024,10:42:13[0m
[0;32mI (647) phy: libbtbb version: f97b181, May  8 2024, 10:42:29[0m
[0;32mI (647) GATTS_SPP_DEMO: app_main init bluetooth[0m
[0;31mE (657) BT_BTM: btm_ble_remove_resolving_list_entry_complete no pending resolving list operation[0m
[0;32mI (657) GATTS_SPP_DEMO: EVT 0, gatts if 3[0m
[0;32mI (657) GATTS_SPP_DEMO: event = 0[0m
[0;32mI (667) GATTS_SPP_DEMO: gatts_profile_event_handler 574[0m
[0;32mI (667) GATTS_SPP_DEMO: gatts_profile_event_handler 577[0m
[0;32mI (677) GATTS_SPP_DEMO: gatts_profile_event_handler 580[0m
[0;32mI (687) GATTS_SPP_DEMO: EVT 22, gatts if 3[0m
[0;32mI (687) GATTS_SPP_DEMO: event = 16[0m
[0;32mI (687) GATTS_SPP_DEMO: The number handle =f[0m
[0;32mI (697) GATTS_SPP_DEMO: GAP_EVT, event 4[0m
[0;32mI (707) GATTS_SPP_DEMO: EVT 12, gatts if 3[0m
[0;32mI (707) GATTS_SP@ï¿½[0;32mI (717) main_task: Returned from app_main()[0m
[0;32mI (30547) BOARD: tap cb (0)[0m
[0;33mW (30557) BOARD: led red is already off[0m
[0;32mI (32747) BOARD: tap cb (1)[0m
[0;32mI (33827) BOARD: tap cb (0)[0m
[0;32mI (34487) BOARD: tap cb (1)[0m
[0;32mI (35057) BOARD: tap cb (0)[0m
[0;32mI (35877) BOARD: tap cb (1)[0m
[0;32mI (36597) BOARD: tap cb (0)[0m
[0;32mI (37427) BOARD: tap cb (1)[0m
[0;32mI (37887) BOARD: tap cb (0)[0m
[0;32mI (38267) BOARD: tap cb (1)[0m
[0;32mI (38807) BOARD: tap cb (0)[0m
[0;32mI (39627) BOARD: tap cb (1)[0m
[0;32mI (40177) BOARD: tap cb (0)[0m
[0;32mI (40867) BOARD: tap cb (1)[0m
[0;32mI (41747) BOARD: tap cb (0)[0m
[0;32mI (42307) BOARD: tap cb (1)[0m
[0;32mI (42857) BOARD: tap cb (0)[0m
[0;32mI (43427) BOARD: tap cb (1)[0m
[0;32mI (44607) BOARD: tap cb (0)[0m
[0;32mI (45327) BOARD: tap cb (1)[0m
[0;32mI (45887) BOARD: tap cb (0)[0m
[0;32mI (46627) BOARD: tap cb (1)[0m
[0;32mI (47327) BOARD: tap cb (0)[0m
[0;32mI (49177) BOARD: tap cb (1)[0m
[0;32mI (50267) BOARD: tap cb (0)[0m
[0;32mI (52127) BOARD: tap cb (1)[0m
