ESP-ROM:esp32c6-20220919
Build:Sep 19 2022
rst:0x1 (POWERON),boot:0xc (SPI_FAST_FLASH_BOOT)
SPIWP:0xee
mode:DIO, clock div:2
load:0x40875720,len:0x1804
load:0x4086c110,len:0xe2c
load:0x4086e610,len:0x2e44
entry 0x4086c11a
[0;32mI (23) boot: ESP-IDF v5.4-dev-826-g8760e6d2a7-dirty 2nd stage bootloader[0m
[0;32mI (24) boot: compile time Jun 20 2024 13:27:43[0m
[0;32mI (25) boot: chip revision: v0.0[0m
[0;32mI (28) boot.esp32c6: SPI Speed      : 80MHz[0m
[0;32mI (33) boot.esp32c6: SPI Mode       : DIO[0m
[0;32mI (38) boot.esp32c6: SPI Flash Size : 4MB[0m
[0;32mI (43) boot: Enabling RNG early entropy source...[0m
[0;32mI (48) boot: Partition Table:[0m
[0;32mI (52) boot: ## Label            Usage          Type ST Offset   Length[0m
[0;32mI (59) boot:  0 nvs              WiFi data        01 02 00009000 00004000[0m
[0;32mI (66) boot:  1 otadata          OTA data         01 00 0000d000 00002000[0m
[0;32mI (74) boot:  2 phy_init         RF data          01 01 0000f000 00001000[0m
[0;32mI (81) boot:  3 factory          factory app      00 00 00010000 00200000[0m
[0;32mI (89) boot: End of partition table[0m
[0;32mI (93) boot: Defaulting to factory image[0m
[0;32mI (98) esp_image: segment 0: paddr=00010020 vaddr=420f0020 size=3ab98h (240536) map[0m
[0;32mI (156) esp_image: segment 1: paddr=0004abc0 vaddr=40800000 size=05458h ( 21592) load[0m
[0;32mI (162) esp_image: segment 2: paddr=00050020 vaddr=42000020 size=e50a0h (938144) map[0m
[0;32mI (356) esp_image: segment 3: paddr=001350c8 vaddr=40805458 size=0c88ch ( 51340) load[0m
[0;32mI (369) esp_image: segment 4: paddr=0014195c vaddr=40811cf0 size=0308ch ( 12428) load[0m
[0;32mI (377) boot: Loaded app from partition at offset 0x10000[0m
[0;32mI (377) boot: Disabling RNG early entropy source...[0m
[0;32mI (389) cpu_start: Unicore app[0m
[0;32mI (398) cpu_start: Pro cpu start user code[0m
[0;32mI (398) cpu_start: cpu freq: 160000000 Hz[0m
[0;32mI (398) app_init: Application information:[0m
[0;32mI (401) app_init: Project name:     onoff_server[0m
[0;32mI (406) app_init: App version:      1[0m
[0;32mI (411) app_init: Compile time:     Jun 24 2024 14:12:42[0m
[0;32mI (417) app_init: ELF file SHA256:  0ea82d614...[0m
[0;32mI (422) app_init: ESP-IDF:          v5.4-dev-826-g8760e6d2a7-dirty[0m
[0;32mI (429) efuse_init: Min chip rev:     v0.0[0m
[0;32mI (434) efuse_init: Max chip rev:     v0.99 [0m
[0;32mI (439) efuse_init: Chip rev:         v0.0[0m
[0;32mI (443) heap_init: Initializing. RAM available for dynamic allocation:[0m
[0;32mI (451) heap_init: At 4081C650 len 0005FFC0 (383 KiB): RAM[0m
[0;32mI (457) heap_init: At 4087C610 len 00002F54 (11 KiB): RAM[0m
[0;32mI (463) heap_init: At 50000000 len 00003FE8 (15 KiB): RTCRAM[0m
[0;32mI (470) spi_flash: detected chip: generic[0m
[0;32mI (474) spi_flash: flash io: dio[0m
[0;32mI (478) sleep: Configure to isolate all GPIO pins in sleep state[0m
[0;32mI (485) sleep: Enable automatic switching of GPIO sleep configuration[0m
[0;32mI (492) coexist: coex firmware version: 66616e60c[0m
[0;32mI (519) coexist: coexist rom version 5b8dcfa[0m
[0;32mI (520) main_task: Started on CPU0[0m
[0;32mI (520) main_task: Calling app_main()[0m
[0;32mI (520) EXAMPLE: Initializing...[0m
[0;32mI (520) gpio: GPIO[3]| InputEn: 0| OutputEn: 0| OpenDrain: 0| Pullup: 1| Pulldown: 0| Intr:0 [0m
[0;32mI (530) gpio: GPIO[3]| InputEn: 0| OutputEn: 0| OpenDrain: 0| Pullup: 1| Pulldown: 0| Intr:0 [0m
[0;32mI (540) gpio: GPIO[3]| InputEn: 0| OutputEn: 0| OpenDrain: 0| Pullup: 1| Pulldown: 0| Intr:0 [0m
[0;32mI (560) BLE_INIT: Using main XTAL as clock source[0m
[0;32mI (560) BLE_INIT: ble controller commit:[2c20dce][0m
[0;32mI (560) phy_init: phy_version 290,81efd96,May  8 2024,10:42:13[0m
[0;32mI (610) phy: libbtbb version: f97b181, May  8 2024, 10:42:29[0m
[0;31mE (620) BT_BTM: btm_ble_remove_resolving_list_entry_complete no pending resolving list operation[0m
Bluetooth Mesh v1.1 commit: [10f7fdc1a9]
[0;32mI (680) EXAMPLE: ESP_BLE_MESH_PROV_REGISTER_COMP_EVT, err_code 0[0m
[0;32mI (680) EXAMPLE: ESP_BLE_MESH_NODE_PROV_ENABLE_COMP_EVT, err_code 0[0m
[0;32mI (680) EXAMPLE: BLE Mesh Node initialized[0m
[0;32mI (680) EXAMPLE: Starting BLE scan...[0m
[0;31mE (690) BT_APPL: bta_dm_ble_set_scan_fil_params(), fail to set scan params.[0m
[0;31mE (700) BT_HCI: CC evt: op=0x200b, status=0xc[0m
[0;31mE (700) BT_BTM: BTM_BleScan scan already active[0m
[0;33mW (710) BT_APPL:  bta_dm_ble_scan start scan failed. status=0x6
[0m
[0;32mI (710) main_task: Returned from app_main()[0m
